// Vitest Snapshot v1, https://vitest.dev/guide/snapshot.html

exports[`Superhero component > matches the snapshot 1`] = `
<DocumentFragment>
  <article
    class="bg-white grid grid-rows-[240px_auto_max-content]"
  >
    <img
      alt="Spider-Man"
      class="object-cover w-full h-full object-center"
      src="https://example.com/spiderman.jpg"
    />
    <div
      class="p-4"
    >
      <h4
        class="text-lg font-semibold py-4"
      >
        Spider-Man
      </h4>
      <p
        class="text-neutral-600 max-h-28 line-clamp-4"
      >
        description
      </p>
    </div>
    <a
      class="place-self-end m-4 bg-stone-700 hover:bg-stone-900 text-white py-2 px-4 rounded"
      href="https://marvel.com/spiderman"
      rel="noopener noreferrer"
      target="_blank"
    >
      <div
        class="flex items-center gap-2"
      >
        Read more
        <span />
      </div>
    </a>
  </article>
</DocumentFragment>
`;
